<ul>
    <li>test/fixtures/assets/testing.html</li>
    <li>test/fixtures/assets/test.css</li>
    <li>test/fixtures/assets/test.js</li>
</ul>