<ul class="custom">
    <li>test/fixtures/testing</li>
    <li>test/fixtures/123</li>
</ul>