well here are some assets <!-- START --> test/fixtures/assets/test.css,  test/fixtures/assets/test.js, <!-- END -->. Awesome!