<html>
    <body>
    <!-- START -->
    <!-- END -->

    we can inject again
    <!-- START -->
    <!-- END -->

    notice white space outside the token can be ignored
    <!--START     -->
    <!--END-->

    different indentation too!
            <!-- START -->
            <!-- END -->

    this looks like a tag:
    <!-- WOOMPA LOOMPA -->
    but it is not, so it is ignored!
    </body>
</html>